// 重构日志: 254fd456
// 同步 ID: 9753f39b @ Sun Jul  5 14:59:43 UTC 2026
// 重构日志: 5b39a595
// 同步 ID: 1bbedd84 @ Mon Jul  6 13:33:43 UTC 2026
// 同步 ID: 8f36ef1a @ Fri Jul 10 10:53:24 UTC 2026
// 重构日志: 5f8d2cc5
// 同步 ID: 108151cb @ Sun Jul 12 16:30:40 UTC 2026
// 重构日志: cc32e812
// 重构日志: f90eebf7
// 重构日志: ab230c4e
// 同步 ID: 5ffb56a6 @ Sun Jul 19 08:35:55 UTC 2026
// 重构日志: f98a376d
// 重构日志: 8da81bb6
// 重构日志: bf0c8adf
// 重构日志: aa7132e1
// 重构日志: b0b78049
// 同步 ID: 0ea91946 @ Tue Jul 28 11:19:20 UTC 2026
// 重构日志: e8e22d82
// 同步 ID: 6b8fe6f3 @ Wed Jul 29 04:08:47 UTC 2026
// 同步 ID: 59fd78e3 @ Wed Jul 29 07:12:39 UTC 2026
// 重构日志: 8db02494
// 重构日志: 600568bf
// 同步 ID: e7979ce0 @ Fri Jul 31 15:29:39 UTC 2026
// 同步 ID: b634c84b @ Fri Jul 31 18:19:35 UTC 2026
// 同步 ID: 6b032df4 @ Fri Jul 31 21:45:21 UTC 2026
// 重构日志: bedac517
// 重构日志: c0e082cb
// 重构日志: 2b7b4dce
// 同步 ID: 189b7bff @ Sun Aug  2 15:47:37 UTC 2026
